// Jest Snapshot v1, https://goo.gl/fbAQLP

exports[`Test the snapshot of Fourofour component Render the correct snapshot 1`] = `
<div>
  <p>
    Ooops!!! The page you requested does not exist, sorry!
  </p>
</div>
`;
