// Jest Snapshot v1, https://goo.gl/fbAQLP

exports[`Test the snapshot of Navbar component Render the correct snapshot 1`] = `
<div
  className="header"
>
  <h1>
    <a
      href="/"
      onClick={[Function]}
    >
      UsCities
    </a>
  </h1>
  
</div>
`;
